// Jest Snapshot v1, https://goo.gl/fbAQLP

exports[`snap snaps -102 to the nearest 5 1`] = `-100`;

exports[`snap snaps 13 to the nearest 5 1`] = `15`;

exports[`snap snaps 13 to the nearest 100 1`] = `0`;

exports[`snap snaps 21 to the nearest 10 1`] = `20`;

exports[`snap snaps 213 to the nearest 100 1`] = `200`;

exports[`snapDuration snaps a moment duration of 11 minutes to 5 minutes increments 1`] = `15`;

exports[`snapDuration snaps a moment duration of 21 hours to 30 hours increments 1`] = `30`;

exports[`snapDuration snaps a moment duration of 113 years to 5 year increments 1`] = `115`;

exports[`snapDuration snaps a moment duration of 382 minutes to 5 minutes increments 1`] = `385`;

exports[`snapTime correctly snaps 1907-01-04T08:38:28.000Z to 5 minutes increments 1`] = `"1907-01-04T08:40:00.000Z"`;

exports[`snapTime correctly snaps 1924-11-04T03:06:58.000Z to 1 hour increments 1`] = `"1924-11-04T04:00:00.000Z"`;

exports[`snapTime correctly snaps 1932-11-28T22:52:21.000Z to 10 seconds increments 1`] = `"1932-11-28T22:52:29.000Z"`;

exports[`snapTime correctly snaps 1939-04-24T13:24:29.000Z to 2 years increments 1`] = `"1940-12-31T23:00:00.000Z"`;

exports[`snapTime correctly snaps 1939-11-16T03:20:52.000Z to 10 hours increments 1`] = `"1939-11-16T13:00:00.000Z"`;

exports[`snapTime correctly snaps 2055-06-30T11:44:58.000Z to 7 minutes increments 1`] = `"2055-06-30T11:49:00.000Z"`;
